2025-10-15 14:46:11,250 - __main__ - INFO - Error occurred while scraping website: 403 Client Error: Forbidden for url: https://natboard.edu.in/viewnbeexam?exam=dnb
2025-10-15 14:49:50,521 - __main__ - INFO - Error occurred while scraping website: 403 Client Error: Forbidden for url: https://natboard.edu.in/viewnbeexam?exam=dnb
2025-10-15 14:49:50,716 - __main__ - ERROR - Error occurred while sending message: HTTP 429 error: Unable to create record: Account ACe543401c0f672e4db37f105e0bf0e79e exceeded the 9 daily messages limit
2025-10-15 14:57:04,604 - __main__ - INFO - Error occurred while scraping website: 403 Client Error: Forbidden for url: https://natboard.edu.in/viewnbeexam?exam=dnb
2025-10-15 14:57:04,770 - __main__ - ERROR - Error occurred while sending message: HTTP 429 error: Unable to create record: Account ACe543401c0f672e4db37f105e0bf0e79e exceeded the 9 daily messages limit
2025-10-15 15:16:54,292 - __main__ - INFO - Error occurred while scraping website: 403 Client Error: Forbidden for url: https://natboard.edu.in/viewnbeexam?exam=dnb&User-Agent=Mozilla%2F5.0+%28Windows+NT+10.0%3B+Win64%3B+x64%29+AppleWebKit%2F537.36+%28KHTML%2C+like+Gecko%29+Chrome%2F117.0.0.0+Safari%2F537.36&Accept-Language=en-US%2Cen%3Bq%3D0.9&Referer=https%3A%2F%2Fnatboard.edu.in%2F
2025-10-15 15:31:58,543 - __main__ - INFO - Error occurred while scraping website: 403 Client Error: Forbidden for url: https://natboard.edu.in/viewnbeexam?exam=dnb&User-Agent=Mozilla%2F5.0+%28Windows+NT+10.0%3B+Win64%3B+x64%29+AppleWebKit%2F537.36+%28KHTML%2C+like+Gecko%29+Chrome%2F117.0.0.0+Safari%2F537.36&Accept-Language=en-US%2Cen%3Bq%3D0.9&Referer=https%3A%2F%2Fnatboard.edu.in%2F
2025-10-15 15:44:20,779 - __main__ - INFO - Error occurred while scraping website: 403 Client Error: Forbidden for url: https://natboard.edu.in/viewnbeexam?exam=dnb&User-Agent=Mozilla%2F5.0+%28Windows+NT+10.0%3B+Win64%3B+x64%29+AppleWebKit%2F537.36+%28KHTML%2C+like+Gecko%29+Chrome%2F117.0.0.0+Safari%2F537.36&Accept-Language=en-US%2Cen%3Bq%3D0.9&Referer=https%3A%2F%2Fnatboard.edu.in%2F
2025-10-15 15:44:20,949 - __main__ - ERROR - Error occurred while sending message: HTTP 429 error: Unable to create record: Account ACe543401c0f672e4db37f105e0bf0e79e exceeded the 9 daily messages limit
2025-10-15 15:52:10,065 - __main__ - INFO - Error occurred while scraping website: 403 Client Error: Forbidden for url: https://natboard.edu.in/viewnbeexam?exam=dnb&User-Agent=Mozilla%2F5.0+%28Windows+NT+10.0%3B+Win64%3B+x64%29+AppleWebKit%2F537.36+%28KHTML%2C+like+Gecko%29+Chrome%2F117.0.0.0+Safari%2F537.36&Accept-Language=en-US%2Cen%3Bq%3D0.9&Referer=https%3A%2F%2Fnatboard.edu.in%2F
2025-10-15 15:52:10,231 - __main__ - ERROR - Error occurred while sending message: HTTP 429 error: Unable to create record: Account ACe543401c0f672e4db37f105e0bf0e79e exceeded the 9 daily messages limit
2025-10-15 15:59:43,488 - __main__ - INFO - Error occurred while scraping website: 403 Client Error: Forbidden for url: https://natboard.edu.in/viewnbeexam?exam=dnb&User-Agent=Mozilla%2F5.0+%28Windows+NT+10.0%3B+Win64%3B+x64%29+AppleWebKit%2F537.36+%28KHTML%2C+like+Gecko%29+Chrome%2F117.0.0.0+Safari%2F537.36&Accept-Language=en-US%2Cen%3Bq%3D0.9&Referer=https%3A%2F%2Fnatboard.edu.in%2F
2025-10-15 15:59:43,639 - __main__ - ERROR - Error occurred while sending message: HTTP 429 error: Unable to create record: Account ACe543401c0f672e4db37f105e0bf0e79e exceeded the 9 daily messages limit
2025-10-15 16:26:05,387 - __main__ - INFO - Error occurred while scraping website: 403 Client Error: Forbidden for url: https://natboard.edu.in/viewnbeexam?exam=dnb&User-Agent=Mozilla%2F5.0+%28Windows+NT+10.0%3B+Win64%3B+x64%29+AppleWebKit%2F537.36+%28KHTML%2C+like+Gecko%29+Chrome%2F117.0.0.0+Safari%2F537.36&Accept-Language=en-US%2Cen%3Bq%3D0.9&Referer=https%3A%2F%2Fnatboard.edu.in%2F
2025-10-15 16:26:05,521 - __main__ - ERROR - Error occurred while sending message: HTTP 429 error: Unable to create record: Account ACe543401c0f672e4db37f105e0bf0e79e exceeded the 9 daily messages limit
2025-10-15 17:10:35,855 - __main__ - ERROR - Error occurred while scraping website: 403 Client Error: Forbidden for url: https://natboard.edu.in/viewnbeexam?exam=dnb
2025-10-15 17:21:06,899 - __main__ - ERROR - Error occurred while scraping website: 403 Client Error: Forbidden for url: https://natboard.edu.in/viewnbeexam?exam=dnb
2025-10-15 17:35:02,881 - __main__ - ERROR - Error occurred while scraping website: 403 Client Error: Forbidden for url: https://natboard.edu.in/viewnbeexam?exam=dnb
2025-10-15 17:42:40,058 - __main__ - ERROR - Request failed: 403 Client Error: Forbidden for url: https://natboard.edu.in/viewnbeexam?exam=dnb
2025-10-15 17:42:40,058 - __main__ - ERROR - Error occurred while scraping website: 403 Client Error: Forbidden for url: https://natboard.edu.in/viewnbeexam?exam=dnb
2025-10-15 17:43:51,506 - __main__ - ERROR - Request failed: 403 Client Error: Forbidden for url: https://natboard.edu.in/viewnbeexam?exam=dnb
2025-10-15 17:43:51,506 - __main__ - ERROR - Error occurred while scraping website: 403 Client Error: Forbidden for url: https://natboard.edu.in/viewnbeexam?exam=dnb
2025-10-15 17:51:12,262 - __main__ - ERROR - Request failed: 403 Client Error: Forbidden for url: https://natboard.edu.in/viewnbeexam?exam=dnb
2025-10-15 17:51:12,262 - __main__ - ERROR - Error occurred while scraping website: 403 Client Error: Forbidden for url: https://natboard.edu.in/viewnbeexam?exam=dnb
2025-10-15 17:55:46,199 - __main__ - INFO - Attempt 1 of 3
2025-10-15 17:55:46,199 - __main__ - INFO - Starting multi-stage navigation simulation...
2025-10-15 17:55:46,199 - __main__ - INFO - Stage 1: Visiting main site...
2025-10-15 17:55:50,021 - __main__ - ERROR - 403 Forbidden - Bot detection triggered. Consider using VPN or different approach.
2025-10-15 17:55:50,021 - __main__ - ERROR - HTTP Error: 403 Client Error: Forbidden for url: https://natboard.edu.in/
2025-10-15 17:55:50,021 - __main__ - WARNING - 403 Forbidden on attempt 1. This might be due to:
2025-10-15 17:55:50,021 - __main__ - WARNING - 1. GitHub Actions IP ranges being blocked
2025-10-15 17:55:50,021 - __main__ - WARNING - 2. Advanced bot detection systems
2025-10-15 17:55:50,021 - __main__ - WARNING - 3. Rate limiting or geo-blocking
2025-10-15 17:55:50,021 - __main__ - INFO - Will retry with longer delays...
2025-10-15 17:55:50,022 - __main__ - INFO - Attempt 2 of 3
2025-10-15 17:55:50,022 - __main__ - INFO - Waiting 53.2 seconds before retry...
2025-10-15 17:56:43,204 - __main__ - INFO - Starting multi-stage navigation simulation...
2025-10-15 17:56:43,204 - __main__ - INFO - Stage 1: Visiting main site...
2025-10-15 17:56:47,749 - __main__ - ERROR - 403 Forbidden - Bot detection triggered. Consider using VPN or different approach.
2025-10-15 17:56:47,749 - __main__ - ERROR - HTTP Error: 403 Client Error: Forbidden for url: https://natboard.edu.in/
2025-10-15 17:56:47,749 - __main__ - WARNING - 403 Forbidden on attempt 2. This might be due to:
2025-10-15 17:56:47,749 - __main__ - WARNING - 1. GitHub Actions IP ranges being blocked
2025-10-15 17:56:47,749 - __main__ - WARNING - 2. Advanced bot detection systems
2025-10-15 17:56:47,749 - __main__ - WARNING - 3. Rate limiting or geo-blocking
2025-10-15 17:56:47,749 - __main__ - INFO - Will retry with longer delays...
2025-10-15 17:56:47,749 - __main__ - INFO - Attempt 3 of 3
2025-10-15 17:56:47,750 - __main__ - INFO - Waiting 85.6 seconds before retry...
2025-10-15 17:58:13,404 - __main__ - INFO - Starting multi-stage navigation simulation...
2025-10-15 17:58:13,404 - __main__ - INFO - Stage 1: Visiting main site...
2025-10-15 17:58:20,287 - __main__ - ERROR - 403 Forbidden - Bot detection triggered. Consider using VPN or different approach.
2025-10-15 17:58:20,287 - __main__ - ERROR - HTTP Error: 403 Client Error: Forbidden for url: https://natboard.edu.in/
2025-10-15 17:58:20,288 - __main__ - WARNING - 403 Forbidden on attempt 3. This might be due to:
2025-10-15 17:58:20,288 - __main__ - WARNING - 1. GitHub Actions IP ranges being blocked
2025-10-15 17:58:20,288 - __main__ - WARNING - 2. Advanced bot detection systems
2025-10-15 17:58:20,288 - __main__ - WARNING - 3. Rate limiting or geo-blocking
2025-10-15 17:58:20,288 - __main__ - ERROR - All 3 attempts failed with 403 Forbidden. The website appears to have aggressive bot protection that specifically blocks automated requests from cloud environments like GitHub Actions.
2025-10-15 17:58:20,458 - messaging.whatsapp_msg - ERROR - Error occurred while sending message: HTTP 429 error: Unable to create record: Account ACe543401c0f672e4db37f105e0bf0e79e exceeded the 9 daily messages limit
2025-10-15 17:58:39,697 - __main__ - INFO - Attempt 1 of 3
2025-10-15 17:58:39,697 - __main__ - INFO - Starting multi-stage navigation simulation...
2025-10-15 17:58:39,697 - __main__ - INFO - Stage 1: Visiting main site...
2025-10-15 17:58:46,086 - __main__ - ERROR - 403 Forbidden - Bot detection triggered. Consider using VPN or different approach.
2025-10-15 17:58:46,086 - __main__ - ERROR - HTTP Error: 403 Client Error: Forbidden for url: https://natboard.edu.in/
2025-10-15 17:58:46,086 - __main__ - WARNING - 403 Forbidden on attempt 1. This might be due to:
2025-10-15 17:58:46,086 - __main__ - WARNING - 1. GitHub Actions IP ranges being blocked
2025-10-15 17:58:46,087 - __main__ - WARNING - 2. Advanced bot detection systems
2025-10-15 17:58:46,087 - __main__ - WARNING - 3. Rate limiting or geo-blocking
2025-10-15 17:58:46,087 - __main__ - INFO - Will retry with longer delays...
2025-10-15 17:58:46,087 - __main__ - INFO - Attempt 2 of 3
2025-10-15 17:58:46,087 - __main__ - INFO - Waiting 55.8 seconds before retry...
2025-10-15 17:59:41,914 - __main__ - INFO - Starting multi-stage navigation simulation...
2025-10-15 17:59:41,915 - __main__ - INFO - Stage 1: Visiting main site...
2025-10-15 17:59:45,055 - __main__ - ERROR - 403 Forbidden - Bot detection triggered. Consider using VPN or different approach.
2025-10-15 17:59:45,055 - __main__ - ERROR - HTTP Error: 403 Client Error: Forbidden for url: https://natboard.edu.in/
2025-10-15 17:59:45,055 - __main__ - WARNING - 403 Forbidden on attempt 2. This might be due to:
2025-10-15 17:59:45,055 - __main__ - WARNING - 1. GitHub Actions IP ranges being blocked
2025-10-15 17:59:45,055 - __main__ - WARNING - 2. Advanced bot detection systems
2025-10-15 17:59:45,056 - __main__ - WARNING - 3. Rate limiting or geo-blocking
2025-10-15 17:59:45,056 - __main__ - INFO - Will retry with longer delays...
2025-10-15 17:59:45,056 - __main__ - INFO - Attempt 3 of 3
2025-10-15 17:59:45,056 - __main__ - INFO - Waiting 85.0 seconds before retry...
2025-10-15 18:01:10,177 - __main__ - INFO - Starting multi-stage navigation simulation...
2025-10-15 18:01:10,178 - __main__ - INFO - Stage 1: Visiting main site...
2025-10-15 18:01:13,818 - __main__ - ERROR - 403 Forbidden - Bot detection triggered. Consider using VPN or different approach.
2025-10-15 18:01:13,818 - __main__ - ERROR - HTTP Error: 403 Client Error: Forbidden for url: https://natboard.edu.in/
2025-10-15 18:01:13,818 - __main__ - WARNING - 403 Forbidden on attempt 3. This might be due to:
2025-10-15 18:01:13,818 - __main__ - WARNING - 1. GitHub Actions IP ranges being blocked
2025-10-15 18:01:13,818 - __main__ - WARNING - 2. Advanced bot detection systems
2025-10-15 18:01:13,818 - __main__ - WARNING - 3. Rate limiting or geo-blocking
2025-10-15 18:01:13,818 - __main__ - ERROR - All 3 attempts failed with 403 Forbidden. The website appears to have aggressive bot protection that specifically blocks automated requests from cloud environments like GitHub Actions.
2025-10-15 18:01:13,984 - messaging.whatsapp_msg - ERROR - Error occurred while sending message: HTTP 429 error: Unable to create record: Account ACe543401c0f672e4db37f105e0bf0e79e exceeded the 9 daily messages limit
2025-10-15 18:30:38,094 - __main__ - INFO - Attempt 1 of 3
2025-10-15 18:30:38,094 - __main__ - INFO - Starting multi-stage navigation simulation...
2025-10-15 18:30:38,094 - __main__ - INFO - Stage 1: Visiting main site...
2025-10-15 18:30:42,959 - __main__ - ERROR - 403 Forbidden - Bot detection triggered. Consider using VPN or different approach.
2025-10-15 18:30:42,959 - __main__ - ERROR - HTTP Error: 403 Client Error: Forbidden for url: https://natboard.edu.in/
2025-10-15 18:30:42,959 - __main__ - WARNING - 403 Forbidden on attempt 1. This might be due to:
2025-10-15 18:30:42,959 - __main__ - WARNING - 1. GitHub Actions IP ranges being blocked
2025-10-15 18:30:42,959 - __main__ - WARNING - 2. Advanced bot detection systems
2025-10-15 18:30:42,959 - __main__ - WARNING - 3. Rate limiting or geo-blocking
2025-10-15 18:30:42,959 - __main__ - INFO - Will retry with longer delays...
2025-10-15 18:30:42,960 - __main__ - INFO - Attempt 2 of 3
2025-10-15 18:30:42,960 - __main__ - INFO - Waiting 49.3 seconds before retry...
2025-10-15 18:31:32,260 - __main__ - INFO - Starting multi-stage navigation simulation...
2025-10-15 18:31:32,261 - __main__ - INFO - Stage 1: Visiting main site...
2025-10-15 18:31:39,133 - __main__ - ERROR - 403 Forbidden - Bot detection triggered. Consider using VPN or different approach.
2025-10-15 18:31:39,133 - __main__ - ERROR - HTTP Error: 403 Client Error: Forbidden for url: https://natboard.edu.in/
2025-10-15 18:31:39,134 - __main__ - WARNING - 403 Forbidden on attempt 2. This might be due to:
2025-10-15 18:31:39,134 - __main__ - WARNING - 1. GitHub Actions IP ranges being blocked
2025-10-15 18:31:39,134 - __main__ - WARNING - 2. Advanced bot detection systems
2025-10-15 18:31:39,134 - __main__ - WARNING - 3. Rate limiting or geo-blocking
2025-10-15 18:31:39,134 - __main__ - INFO - Will retry with longer delays...
2025-10-15 18:31:39,135 - __main__ - INFO - Attempt 3 of 3
2025-10-15 18:31:39,135 - __main__ - INFO - Waiting 85.7 seconds before retry...
2025-10-15 18:33:04,876 - __main__ - INFO - Starting multi-stage navigation simulation...
2025-10-15 18:33:04,877 - __main__ - INFO - Stage 1: Visiting main site...
2025-10-15 18:33:09,312 - __main__ - ERROR - 403 Forbidden - Bot detection triggered. Consider using VPN or different approach.
2025-10-15 18:33:09,312 - __main__ - ERROR - HTTP Error: 403 Client Error: Forbidden for url: https://natboard.edu.in/
2025-10-15 18:33:09,312 - __main__ - WARNING - 403 Forbidden on attempt 3. This might be due to:
2025-10-15 18:33:09,312 - __main__ - WARNING - 1. GitHub Actions IP ranges being blocked
2025-10-15 18:33:09,312 - __main__ - WARNING - 2. Advanced bot detection systems
2025-10-15 18:33:09,312 - __main__ - WARNING - 3. Rate limiting or geo-blocking
2025-10-15 18:33:09,313 - __main__ - ERROR - All 3 attempts failed with 403 Forbidden. The website appears to have aggressive bot protection that specifically blocks automated requests from cloud environments like GitHub Actions.
2025-10-15 18:33:09,489 - messaging.whatsapp_msg - ERROR - Error occurred while sending message: HTTP 429 error: Unable to create record: Account ACe543401c0f672e4db37f105e0bf0e79e exceeded the 9 daily messages limit
2025-10-15 18:34:14,488 - __main__ - ERROR - Request failed: 403 Client Error: Forbidden for url: https://natboard.edu.in/viewnbeexam?exam=dnb
2025-10-15 18:34:14,489 - __main__ - ERROR - Error occurred while scraping website: 403 Client Error: Forbidden for url: https://natboard.edu.in/viewnbeexam?exam=dnb
2025-10-16 08:05:54,118 - __main__ - ERROR - Error occurred while scraping website: 403 Client Error: Forbidden for url: https://natboard.edu.in/viewnbeexam?exam=dnb
2025-10-16 09:13:21,137 - __main__ - INFO - Total entries found: 1
2025-10-16 09:13:21,137 - __main__ - INFO - First Entry: Countries of the World: A Simple Example
2025-10-16 09:13:21,530 - messaging.whatsapp_msg - ERROR - Error occurred while sending message: HTTP 429 error: Unable to create record: Account ACe543401c0f672e4db37f105e0bf0e79e exceeded the 9 daily messages limit
2025-10-16 16:05:17,718 - __main__ - INFO - Total entries found: 1
2025-10-16 16:05:17,718 - __main__ - INFO - First Entry: Countries of the World: A Simple Example
2025-10-16 16:10:46,925 - __main__ - ERROR - Error occurred while scraping website: 403 Client Error: Forbidden for url: https://natboard.edu.in/viewnbeexam?exam=dnb
2025-10-18 06:31:15,428 - __main__ - ERROR - Error occurred while scraping website: 403 Client Error: Forbidden for url: https://natboard.edu.in/viewnbeexam?exam=dnb
2025-10-25 06:31:07,176 - __main__ - ERROR - Error occurred while scraping website: 403 Client Error: Forbidden for url: https://natboard.edu.in/viewnbeexam?exam=dnb
2025-11-01 06:31:47,902 - __main__ - ERROR - Error occurred while scraping website: 403 Client Error: Forbidden for url: https://natboard.edu.in/viewnbeexam?exam=dnb
2025-11-08 06:32:18,759 - __main__ - ERROR - Error occurred while scraping website: 403 Client Error: Forbidden for url: https://natboard.edu.in/viewnbeexam?exam=dnb
2025-11-15 06:32:40,071 - __main__ - ERROR - Error occurred while scraping website: 403 Client Error: Forbidden for url: https://natboard.edu.in/viewnbeexam?exam=dnb
2025-11-22 06:32:21,357 - __main__ - ERROR - Error occurred while scraping website: 403 Client Error: Forbidden for url: https://natboard.edu.in/viewnbeexam?exam=dnb
2025-11-29 06:34:24,924 - __main__ - ERROR - Error occurred while scraping website: 403 Client Error: Forbidden for url: https://natboard.edu.in/viewnbeexam?exam=dnb
2025-12-06 06:34:02,824 - __main__ - ERROR - Error occurred while scraping website: 403 Client Error: Forbidden for url: https://natboard.edu.in/viewnbeexam?exam=dnb
2025-12-13 06:35:51,262 - __main__ - ERROR - Error occurred while scraping website: 403 Client Error: Forbidden for url: https://natboard.edu.in/viewnbeexam?exam=dnb
2025-12-20 06:36:21,733 - __main__ - ERROR - Error occurred while scraping website: 403 Client Error: Forbidden for url: https://natboard.edu.in/viewnbeexam?exam=dnb
2025-12-27 06:37:10,980 - __main__ - ERROR - Error occurred while scraping website: 403 Client Error: Forbidden for url: https://natboard.edu.in/viewnbeexam?exam=dnb
2026-01-03 06:37:21,330 - __main__ - ERROR - Error occurred while scraping website: 403 Client Error: Forbidden for url: https://natboard.edu.in/viewnbeexam?exam=dnb
2026-01-10 06:36:39,761 - __main__ - ERROR - Error occurred while scraping website: 403 Client Error: Forbidden for url: https://natboard.edu.in/viewnbeexam?exam=dnb
2026-01-17 06:37:11,172 - __main__ - ERROR - Error occurred while scraping website: 403 Client Error: Forbidden for url: https://natboard.edu.in/viewnbeexam?exam=dnb
2026-01-24 06:38:15,199 - __main__ - ERROR - Error occurred while scraping website: 403 Client Error: Forbidden for url: https://natboard.edu.in/viewnbeexam?exam=dnb
2026-01-31 06:47:24,530 - __main__ - ERROR - Error occurred while scraping website: 403 Client Error: Forbidden for url: https://natboard.edu.in/viewnbeexam?exam=dnb
2026-02-07 06:50:43,188 - __main__ - ERROR - Error occurred while scraping website: 403 Client Error: Forbidden for url: https://natboard.edu.in/viewnbeexam?exam=dnb
2026-02-14 06:53:42,532 - __main__ - ERROR - Error occurred while scraping website: 403 Client Error: Forbidden for url: https://natboard.edu.in/viewnbeexam?exam=dnb
2026-02-21 06:50:48,357 - __main__ - ERROR - Error occurred while scraping website: 403 Client Error: Forbidden for url: https://natboard.edu.in/viewnbeexam?exam=dnb
2026-02-28 06:46:33,686 - __main__ - ERROR - Error occurred while scraping website: 403 Client Error: Forbidden for url: https://natboard.edu.in/viewnbeexam?exam=dnb
2026-03-07 06:50:04,806 - __main__ - ERROR - Error occurred while scraping website: 403 Client Error: Forbidden for url: https://natboard.edu.in/viewnbeexam?exam=dnb
2026-03-14 06:55:18,468 - __main__ - ERROR - Error occurred while scraping website: 403 Client Error: Forbidden for url: https://natboard.edu.in/viewnbeexam?exam=dnb
2026-03-21 06:52:40,903 - __main__ - ERROR - Error occurred while scraping website: 403 Client Error: Forbidden for url: https://natboard.edu.in/viewnbeexam?exam=dnb
2026-03-28 07:04:23,895 - __main__ - ERROR - Error occurred while scraping website: 403 Client Error: Forbidden for url: https://natboard.edu.in/viewnbeexam?exam=dnb
2026-04-04 07:07:26,750 - __main__ - ERROR - Error occurred while scraping website: 403 Client Error: Forbidden for url: https://natboard.edu.in/viewnbeexam?exam=dnb
2026-04-11 07:06:27,269 - __main__ - ERROR - Error occurred while scraping website: 403 Client Error: Forbidden for url: https://natboard.edu.in/viewnbeexam?exam=dnb
2026-04-18 07:15:34,411 - __main__ - ERROR - Error occurred while scraping website: 403 Client Error: Forbidden for url: https://natboard.edu.in/viewnbeexam?exam=dnb
2026-04-25 07:24:58,489 - __main__ - ERROR - Error occurred while scraping website: 403 Client Error: Forbidden for url: https://natboard.edu.in/viewnbeexam?exam=dnb
2026-05-02 07:50:41,135 - __main__ - INFO - Total entries found: 2
2026-05-02 07:50:41,136 - __main__ - INFO - First Entry: डीएनबी जून 2026 सत्र DNB June 2026 Session
2026-05-09 08:01:59,615 - __main__ - INFO - Total entries found: 2
2026-05-09 08:01:59,616 - __main__ - INFO - First Entry: डीएनबी जून 2026 सत्र DNB June 2026 Session
2026-05-16 08:09:22,733 - __main__ - INFO - Total entries found: 2
2026-05-16 08:09:22,733 - __main__ - INFO - First Entry: डीएनबी जून 2026 सत्र DNB June 2026 Session
2026-05-23 08:24:46,087 - __main__ - ERROR - Error occurred while scraping website: 403 Client Error: Forbidden for url: https://natboard.edu.in/viewnbeexam?exam=dnb
2026-05-30 08:32:44,395 - __main__ - ERROR - Error occurred while scraping website: 403 Client Error: Forbidden for url: https://natboard.edu.in/viewnbeexam?exam=dnb
2026-06-06 08:38:50,673 - __main__ - ERROR - Error occurred while scraping website: 403 Client Error: Forbidden for url: https://natboard.edu.in/viewnbeexam?exam=dnb
2026-06-13 09:22:36,383 - __main__ - ERROR - Error occurred while scraping website: 403 Client Error: Forbidden for url: https://natboard.edu.in/viewnbeexam?exam=dnb
2026-06-20 09:24:33,678 - __main__ - ERROR - Error occurred while scraping website: 403 Client Error: Forbidden for url: https://natboard.edu.in/viewnbeexam?exam=dnb
2026-06-27 08:41:42,483 - __main__ - ERROR - Error occurred while scraping website: 403 Client Error: Forbidden for url: https://natboard.edu.in/viewnbeexam?exam=dnb
2026-07-04 08:43:03,866 - __main__ - ERROR - Error occurred while scraping website: 403 Client Error: Forbidden for url: https://natboard.edu.in/viewnbeexam?exam=dnb
2026-07-11 08:02:13,350 - __main__ - ERROR - Error occurred while scraping website: 403 Client Error: Forbidden for url: https://natboard.edu.in/viewnbeexam?exam=dnb
2026-07-18 07:58:48,487 - __main__ - ERROR - Error occurred while scraping website: 403 Client Error: Forbidden for url: https://natboard.edu.in/viewnbeexam?exam=dnb
